// Jest Snapshot v1, https://goo.gl/fbAQLP

exports[`App Component snapshot 1`] = `ShallowWrapper {}`;
